exports[`<SearchBooks/> responds to name change 1`] = `
<div>
  <div
    className="search-books">
    <div
      className="search-books-bar">
      <Link
        className="close-search"
        replace={false}
        to="/" />
      <div
        className="search-books-input-wrapper">
        <Debounce
          handler="onChange"
          handlers={Array []}
          time="400">
          <input
            onChange={[Function]}
            placeholder="search by title or author"
            type="text" />
        </Debounce>
      </div>
    </div>
    <div
      className="search-books-results">
      <ol
        className="books-grid">
        <BookDetail
          book={
            Object {
              "id": 0,
              "imageLinks": Object {
                "thumbnail": "url/test/enzime",
              },
              "shelf": "read",
              "title": "React",
            }
          }
          key="0" />
        <BookDetail
          book={
            Object {
              "id": 1,
              "imageLinks": Object {
                "thumbnail": "url/test/enzime",
              },
              "shelf": "read",
              "title": "React Native",
            }
          }
          key="1" />
      </ol>
    </div>
  </div>
</div>
`;
